// Jest Snapshot v1, https://goo.gl/fbAQLP

exports[`should render ExpenseListItem with expense 1`] = `
<Link
  className="list-item"
  replace={false}
  to="/edit/1"
>
  <div>
    <h3
      className="list-item__title"
    >
      Coffee
    </h3>
    <span
      className="list-item__subtitle"
    >
      January 1st, 1970
    </span>
  </div>
  <h3
    className="list-item__data"
  >
    $2.00
  </h3>
</Link>
`;
